-------------------------------------------------------------------------------
      name:  <unnamed>
       log:  REPOSITORY_ROOT/logs/syntheti
> c_data.log
  log type:  text
 opened on:  24 Aug 2026, 17:25:37

. 
. display as text "Synthetic-data seed: `random_seed'"
Synthetic-data seed: 20260822

. set seed `random_seed'

. set obs 400
Number of observations (_N) was 0, now 400.

. 
. generate int participant_id = _n

. label variable participant_id "Participant ID (synthetic)"

. 
. generate byte cluster_id = 1 + floor(runiform() * 8)

. label variable cluster_id "Study cluster (synthetic)"

. 
. generate double age_years = round(rnormal(50, 12), 1)

. replace age_years = 18 if age_years < 18
(0 real changes made)

. replace age_years = 85 if age_years > 85
(3 real changes made)

. label variable age_years "Age, years"

. 
. generate byte group_indicator = runiform() < 0.52

. label define grouplabel 0 "Group A" 1 "Group B"

. label values group_indicator grouplabel

. label variable group_indicator "Study group"

. 
. generate byte exposure_group = 1 + floor(runiform() * 3)

. label define exposurelabel 1 "Low" 2 "Moderate" 3 "High"

. label values exposure_group exposurelabel

. label variable exposure_group "Exposure group"

. 
. generate byte burden_count = min(rpoisson(1.6), 6)

. label variable burden_count "Synthetic burden count"

. 
. generate byte exclusion_flag = runiform() < 0.06

. label variable exclusion_flag "Meets synthetic exclusion rule"

. 
. generate double outcome_score = exp(1.25 + 0.11 * burden_count + ///
>     0.006 * age_years + 0.08 * group_indicator + ///
>     0.05 * (exposure_group == 3) + rnormal(0, 0.35))

. label variable outcome_score "Synthetic outcome score"

. 
. generate double outcome_log = ln(outcome_score)

. label variable outcome_log "Log synthetic outcome score"

. 
. isid participant_id

. assert _N == 400

. assert inrange(age_years, 18, 85)

. assert inrange(burden_count, 0, 6)

. assert !missing(cluster_id, age_years, group_indicator, exposure_group)

. assert !missing(burden_count, exclusion_flag, outcome_score, outcome_log)

. 
. compress
  variable age_years was double now byte
  (2,800 bytes saved)

. save "data/synthetic_study.dta", replace
file data/synthetic_study.dta saved

. 
. display as result "VERIFIED: data/synthetic_study.dta written. N = " _N
VERIFIED: data/synthetic_study.dta written. N = 400

. display as result "VERIFIED: all synthetic-data assertions passed."
VERIFIED: all synthetic-data assertions passed.

. log close
      name:  <unnamed>
       log:  REPOSITORY_ROOT/logs/syntheti
> c_data.log
  log type:  text
 closed on:  24 Aug 2026, 17:25:37
-------------------------------------------------------------------------------
