-------------------------------------------------------------------------------
      name:  <unnamed>
       log:  REPOSITORY_ROOT/logs/stata_wo
> rd_tables_run.log
  log type:  text
 opened on:  24 Aug 2026, 17:25:11

. 
. **# Validate parameters before analysis -------------------------------------
> ---
. 
. assert inrange(`category_cut', 1, 5)

. assert inlist(`apply_exclusion', 0, 1)

. 
. display as text "REPORT PARAMETERS"
REPORT PARAMETERS

. display as text "  category_cut      = `category_cut'"
  category_cut      = 2

. display as text "  apply_exclusion   = `apply_exclusion'"
  apply_exclusion   = 1

. display as text "  model_outcome     = `model_outcome'"
  model_outcome     = outcome_log

. display as text "  covariates        = `covariates'"
  covariates        = age_years i.group_indicator i.exposure_group

. display as text "  cluster_variable  = `cluster_variable'"
  cluster_variable  = cluster_id

. display as text "  random_seed       = `random_seed'"
  random_seed       = 20260822

. 
. use "data/synthetic_study.dta", clear

. isid participant_id

. 
. confirm numeric variable `model_outcome'

. confirm numeric variable `cluster_variable'

. assert !missing(`model_outcome', `cluster_variable')

. 
. **# Apply the parameters once -----------------------------------------------
> ---
. 
. recode burden_count (`category_cut'/max = `category_cut'), ///
>     generate(burden_category)
(93 differences between burden_count and burden_category)

. 
. capture label drop burdenlabel

. forvalues category = 0/`category_cut' {
  2.     if `category' == `category_cut' {
  3.         label define burdenlabel `category' "`category'+", add
  4.     }
  5.     else {
  6.         label define burdenlabel `category' "`category'", add
  7.     }
  8. }

. label values burden_category burdenlabel

. label variable burden_category "Burden category"

. 
. if `apply_exclusion' {
.     drop if exclusion_flag
(27 observations deleted)
. }

. 
. assert _N > 0

. assert inrange(burden_category, 0, `category_cut')

. 
. count if burden_category == `category_cut'
  182

. local top_category_n = r(N)

. assert `top_category_n' > 0

. 
. local analysis_n = _N

. display as result "VERIFIED: analysis sample N = `analysis_n'"
VERIFIED: analysis sample N = 373

. display as result "VERIFIED: top category (`category_cut'+) N = " ///
>     `top_category_n'
VERIFIED: top category (2+) N = 182

. display as result "VERIFIED: parameter and data assertions passed."
VERIFIED: parameter and data assertions passed.

. 
. **# Begin the Word document -------------------------------------------------
> ---
. 
. putdocx clear

. putdocx begin, pagesize(letter) margin(top, 1) margin(bottom, 1) ///
>     margin(left, 1) margin(right, 1) font("Arial", 10)

. 
. putdocx paragraph, style(Title)

. putdocx text ("Reproducible Stata Word Tables: demo")

. 
. putdocx paragraph

. putdocx text ("Synthetic data only. "), bold

. putdocx text ("Every table below was regenerated from one parameter block. ")

. putdocx text ("category_cut = `category_cut'; ")

. putdocx text ("exclusions applied = `apply_exclusion'; ")

. putdocx text ("analysis N = `analysis_n'.")

. 
. **# Table 1: sample characteristics -----------------------------------------
> ---
. 
. dtable age_years i.group_indicator i.exposure_group outcome_score, ///
>     by(burden_category) ///
>     continuous(, statistics(mean sd)) ///
>     factor(, statistics(fvpercent fvfrequency)) ///
>     nformat(%4.2f mean sd fvpercent) ///
>     nformat(%4.0f fvfrequency) ///
>     sformat("(%s)" sd fvfrequency) ///
>     sformat("%s%%" fvpercent) ///
>     title(Table 1. Sample characteristics by burden category) ///
>     nosample

Table 1. Sample characteristics by burden category
-------------------------------------------------------------------------------
                                            Burden category                    
                              0             1             2+          Total    
-------------------------------------------------------------------------------
Age, years              51.04 (13.17) 48.77 (13.08) 50.69 (11.57) 50.17 (12.39)
Study group                                                                    
  Group A                 48.68% (37)   40.00% (46)   53.30% (97)  48.26% (180)
  Group B                 51.32% (39)   60.00% (69)   46.70% (85)  51.74% (193)
Exposure group                                                                 
  Low                     23.68% (18)   30.43% (35)   34.62% (63)  31.10% (116)
  Moderate                44.74% (34)   28.70% (33)   29.67% (54)  32.44% (121)
  High                    31.58% (24)   40.87% (47)   35.71% (65)  36.46% (136)
Synthetic outcome score   5.17 (1.67)   5.93 (2.32)   7.20 (2.95)   6.39 (2.67)
-------------------------------------------------------------------------------

. collect style putdocx, width(100%) layout(autofitcontents) halign(center)

. putdocx collect
(collection DTable posted to putdocx)

. 
. **# Table 2: primary model --------------------------------------------------
> ----
. 
. putdocx pagebreak

. regress `model_outcome' i.burden_category `covariates', ///
>     vce(cluster `cluster_variable')

Linear regression                               Number of obs     =        373
                                                F(6, 7)           =      14.98
                                                Prob > F          =     0.0011
                                                R-squared         =     0.1390
                                                Root MSE          =     .37541

                             (Std. err. adjusted for 8 clusters in cluster_id)
------------------------------------------------------------------------------
             |               Robust
 outcome_log | Coefficient  std. err.      t    P>|t|     [95% conf. interval]
-------------+----------------------------------------------------------------
burden_cat~y |
          1  |    .112509    .049275     2.28   0.056    -.0040078    .2290258
         2+  |    .305615   .0507318     6.02   0.001     .1856534    .4255766
             |
   age_years |   .0045931   .0016979     2.71   0.030     .0005781     .008608
             |
group_indi~r |
    Group B  |   .1207836   .0277321     4.36   0.003     .0552076    .1863595
             |
exposure_g~p |
   Moderate  |   .0105113   .0520489     0.20   0.846    -.1125649    .1335875
       High  |   .0476443   .0373931     1.27   0.243    -.0407763    .1360648
             |
       _cons |   1.276734   .0675033    18.91   0.000     1.117114    1.436354
------------------------------------------------------------------------------

. matrix primary_results = r(table)

. 
. etable, title(Table 2. Primary model) column(dvlabel) ///
>     cstat(_r_b, nformat(%4.2f)) ///
>     cstat(_r_ci, nformat(%4.2f) sformat("[%s]") cidelimiter(", ")) ///
>     cstat(_r_p, nformat(%5.3f)) ///
>     note(Bold p-values indicate p < 0.05.) ///
>     mstat(N)

Table 2. Primary model
--------------------------------------------------
                       Log synthetic outcome score
--------------------------------------------------
Burden category                                   
  1                                           0.11
                                     [-0.00, 0.23]
                                             0.056
  2+                                          0.31
                                      [0.19, 0.43]
                                             0.001
Age, years                                    0.00
                                      [0.00, 0.01]
                                             0.030
Study group                                       
  Group B                                     0.12
                                      [0.06, 0.19]
                                             0.003
Exposure group                                    
  Moderate                                    0.01
                                     [-0.11, 0.13]
                                             0.846
  High                                        0.05
                                     [-0.04, 0.14]
                                             0.243
Intercept                                     1.28
                                      [1.12, 1.44]
                                             0.000
Number of observations                         373
--------------------------------------------------
Bold p-values indicate p < 0.05.

. 
. collect style cell result[_r_p], minimum(0.001, label("<0.001"))

. local primary_columns : colnames primary_results

. foreach column of local primary_columns {
  2.     scalar pvalue = primary_results[rownumb(primary_results, "pvalue"), //
> /
>         colnumb(primary_results, "`column'")]
  3.     if !missing(pvalue) & pvalue < 0.05 {
  4.         collect style cell result[_r_p]#colname[`column'], font(, bold)
  5.     }
  6. }

. collect style putdocx, width(75%) layout(autofitcontents) halign(center)

. putdocx collect
(collection ETable posted to putdocx)

. 
. **# Table 3: secondary model ------------------------------------------------
> ----
. 
. putdocx pagebreak

. regress outcome_score i.burden_category `covariates', ///
>     vce(cluster `cluster_variable')

Linear regression                               Number of obs     =        373
                                                F(6, 7)           =      11.33
                                                Prob > F          =     0.0026
                                                R-squared         =     0.1482
                                                Root MSE          =     2.4869

                             (Std. err. adjusted for 8 clusters in cluster_id)
------------------------------------------------------------------------------
             |               Robust
outcome_sc~e | Coefficient  std. err.      t    P>|t|     [95% conf. interval]
-------------+----------------------------------------------------------------
burden_cat~y |
          1  |   .7588595   .2822996     2.69   0.031      .091327    1.426392
         2+  |   2.083731   .2958799     7.04   0.000     1.384087    2.783376
             |
   age_years |   .0341531   .0115292     2.96   0.021     .0068909    .0614153
             |
group_indi~r |
    Group B  |   .8212271   .2022372     4.06   0.005     .3430121    1.299442
             |
exposure_g~p |
   Moderate  |   .0720786   .3527846     0.20   0.844    -.7621245    .9062817
       High  |    .206831   .3023608     0.68   0.516    -.5081387    .9218008
             |
       _cons |   2.905311    .468069     6.21   0.000     1.798504    4.012118
------------------------------------------------------------------------------

. matrix secondary_results = r(table)

. 
. etable, title(Table 3. Secondary model: untransformed outcome) ///
>     column(dvlabel) ///
>     cstat(_r_b, nformat(%4.2f)) ///
>     cstat(_r_ci, nformat(%4.2f) sformat("[%s]") cidelimiter(", ")) ///
>     cstat(_r_p, nformat(%5.3f)) ///
>     note(Bold p-values indicate p < 0.05.) ///
>     mstat(N)

Table 3. Secondary model: untransformed outcome
----------------------------------------------
                       Synthetic outcome score
----------------------------------------------
Burden category                               
  1                                       0.76
                                  [0.09, 1.43]
                                         0.031
  2+                                      2.08
                                  [1.38, 2.78]
                                         0.000
Age, years                                0.03
                                  [0.01, 0.06]
                                         0.021
Study group                                   
  Group B                                 0.82
                                  [0.34, 1.30]
                                         0.005
Exposure group                                
  Moderate                                0.07
                                 [-0.76, 0.91]
                                         0.844
  High                                    0.21
                                 [-0.51, 0.92]
                                         0.516
Intercept                                 2.91
                                  [1.80, 4.01]
                                         0.000
Number of observations                     373
----------------------------------------------
Bold p-values indicate p < 0.05.

. 
. collect style cell result[_r_p], minimum(0.001, label("<0.001"))

. local secondary_columns : colnames secondary_results

. foreach column of local secondary_columns {
  2.     scalar pvalue = secondary_results[rownumb(secondary_results, "pvalue")
> , ///
>         colnumb(secondary_results, "`column'")]
  3.     if !missing(pvalue) & pvalue < 0.05 {
  4.         collect style cell result[_r_p]#colname[`column'], font(, bold)
  5.     }
  6. }

. collect style putdocx, width(75%) layout(autofitcontents) halign(center)

. putdocx collect
(collection ETable posted to putdocx)

. 
. **# Save the document and write the short receipt ---------------------------
> ----
. 
. putdocx save "output/stata_word_tables.docx", replace
successfully created "REPOSITORY_ROOT/outp
> ut/stata_word_tables.docx"

. confirm file "output/stata_word_tables.docx"

. 
. file open receipt using "logs/verification_receipt.txt", ///
>     write text replace

. file write receipt "REPRODUCIBLE STATA WORD TABLES - VERIFICATION RECEIPT" _n

. file write receipt "Synthetic data only" _n

. file write receipt "random_seed=`random_seed'" _n

. file write receipt "category_cut=`category_cut'" _n

. file write receipt "apply_exclusion=`apply_exclusion'" _n

. file write receipt "analysis_n=`analysis_n'" _n

. file write receipt "top_category_n=`top_category_n'" _n

. file write receipt "assertions=PASSED" _n

. file write receipt "word_document=output/stata_word_tables.docx" _n

. file close receipt

. 
. display as result "VERIFIED: output/stata_word_tables.docx written."
VERIFIED: output/stata_word_tables.docx written.

. display as result "VERIFIED: logs/verification_receipt.txt written."
VERIFIED: logs/verification_receipt.txt written.

. display as result "REPORT BUILD COMPLETE."
REPORT BUILD COMPLETE.

. 
. log close
      name:  <unnamed>
       log:  REPOSITORY_ROOT/logs/stata_wo
> rd_tables_run.log
  log type:  text
 closed on:  24 Aug 2026, 17:25:12
-------------------------------------------------------------------------------
